// Jest Snapshot v1, https://goo.gl/fbAQLP

exports[`PreupgradeReportList/helpers should return tag info 1`] = `"#39a5dc"`;
